// Jest Snapshot v1, https://goo.gl/fbAQLP

exports[`components/ContentSidebar/ActivitySidebar render() should render the activity feed sidebar 1`] = `
<SidebarContent
  actions={
    <React.Fragment>
      <FeatureFlag
        enabled={[Function]}
        feature="tasks"
      />
    </React.Fragment>
  }
  title={
    <FormattedMessage
      defaultMessage="Activity"
      id="be.sidebarActivityTitle"
    />
  }
>
  <ActivityFeed
    file={
      Object {
        "id": "I_AM_A_FILE",
      }
    }
    getApproverWithQuery={[Function]}
    getAvatarUrl={[Function]}
    getMentionWithQuery={[Function]}
    isDisabled={false}
    onCommentCreate={[Function]}
    onCommentDelete={[Function]}
    onTaskAssignmentUpdate={[Function]}
    onTaskCreate={[Function]}
    onTaskDelete={[Function]}
    onTaskUpdate={[Function]}
  />
</SidebarContent>
`;
